
> react-kavia@0.1.0 start
> cross-env EDIT_MODE=true webpack serve --config .ve/webpack.config.js --mode development

<i> [webpack-dev-server] Project is running at:
<i> [webpack-dev-server] Loopback: http://localhost:3000/, http://[::1]:3000/
<i> [webpack-dev-server] On Your Network (IPv4): http://172.17.0.2:3000/
<i> [webpack-dev-server] Content not from webpack is served from './public' directory
Injecting EditorRootWrapper import: ../.ve/EditorRootWrapper
asset bundle.js 1.43 MiB [emitted] (name: main)
asset index.html 1.92 KiB [emitted]
runtime modules 27.5 KiB 14 modules
modules by path ./node_modules/ 1.24 MiB 31 modules
modules by path ./src/ 39.6 KiB
  modules by path ./src/*.css 17.8 KiB 6 modules
  modules by path ./src/*.js 2.25 KiB
    ./src/index.js 530 bytes [built] [code generated]
    ./src/App.js 1.73 KiB [built] [code generated]
  ./src/GridQuestMainContainer.jsx 19.6 KiB [built] [code generated]
modules by path ./.ve/ 15.1 KiB
  modules by path ./.ve/*.js 10.6 KiB 2 modules
  modules by path ./.ve/*.css 2.93 KiB
    ./.ve/EditorOverlay.css 2.25 KiB [built] [code generated]
    ./node_modules/css-loader/dist/cjs.js!./.ve/EditorOverlay.css 697 bytes [built] [code generated]
  ./.ve/EditorOverlay.jsx 1.58 KiB [built] [code generated]
webpack 5.99.9 compiled successfully in 1246 ms
assets by status 1.92 KiB [cached] 1 asset
assets by path *.js 1.46 MiB
  asset bundle.js 1.43 MiB [emitted] (name: main)
  asset main.1377fa4af03ed480086e.hot-update.js 25 KiB [emitted] [immutable] [hmr] (name: main)
asset main.1377fa4af03ed480086e.hot-update.json 28 bytes [emitted] [immutable] [hmr]
Entrypoint main 1.46 MiB = bundle.js 1.43 MiB main.1377fa4af03ed480086e.hot-update.js 25 KiB
cached modules 1.27 MiB [cached] 44 modules
runtime modules 27.5 KiB 14 modules
./src/GridQuestMainContainer.jsx 19.8 KiB [built] [code generated]
webpack 5.99.9 compiled successfully in 194 ms
assets by status 1.43 MiB [cached] 2 assets
cached modules 1.29 MiB (javascript) 27.5 KiB (runtime) [cached] 58 modules
./node_modules/css-loader/dist/cjs.js!./src/GridQuestMainContainer.css 7.98 KiB [built]
webpack 5.99.9 compiled successfully in 55 ms
